// Jest Snapshot v1, https://goo.gl/fbAQLP

exports[`Button Button.Root Should render Button.Root without errors 1`] = `
<View
  accessibilityState={
    {
      "busy": undefined,
      "checked": undefined,
      "disabled": undefined,
      "expanded": undefined,
      "selected": undefined,
    }
  }
  accessibilityValue={
    {
      "max": undefined,
      "min": undefined,
      "now": undefined,
      "text": undefined,
    }
  }
  accessible={true}
  collapsable={false}
  focusable={false}
  onClick={[Function]}
  onResponderGrant={[Function]}
  onResponderMove={[Function]}
  onResponderRelease={[Function]}
  onResponderTerminate={[Function]}
  onResponderTerminationRequest={[Function]}
  onStartShouldSetResponder={[Function]}
  style={
    {
      "alignItems": "center",
      "backgroundColor": "#FFF",
      "borderBottomLeftRadius": 20,
      "borderBottomRightRadius": 20,
      "borderColor": "#E6E6E6",
      "borderStyle": "solid",
      "borderTopLeftRadius": 20,
      "borderTopRightRadius": 20,
      "borderWidth": 1,
      "flexDirection": "row",
      "justifyContent": "center",
      "opacity": 1,
      "paddingBottom": 16,
      "paddingLeft": 16,
      "paddingRight": 16,
      "paddingTop": 16,
      "width": "100%",
    }
  }
>
  <Text
    color="neutral-black"
    style={
      {
        "color": "#0C092A",
        "fontFamily": "Rubik_500Medium",
        "fontSize": 16,
        "lineHeight": 24,
      }
    }
    variant="body-normal-medium"
  >
    any-text
  </Text>
</View>
`;
