// Jest Snapshot v1, https://goo.gl/fbAQLP

exports[`Divider Should render component without errors 1`] = `
[
  <Text
    color="neutral-gey-2"
    style={
      {
        "color": "#858494",
        "fontFamily": "Rubik_400Regular",
        "fontSize": 16,
        "lineHeight": 24,
      }
    }
    variant="body-normal-regular"
  >
    any-text
  </Text>,
  <View
    style={
      {
        "backgroundColor": "#E6E6E6",
        "flexDirection": "row",
        "height": 1,
        "marginBottom": 0,
        "marginLeft": 16,
        "marginRight": 16,
        "marginTop": 0,
        "width": "100%",
      }
    }
  />,
]
`;
